// Vitest Snapshot v1, https://vitest.dev/guide/snapshot.html

exports[`ABC App Testing > Will have a snapshot that matches 1`] = `"<div><div><h2 class="text-primary">ABC Checklist</h2><div id="abcChecklist"><div class="row"><div class="col-md-1"><h4>When?</h4><hr><input class="btn btn-primary" type="button" id="now" value="Now"><div id="dateTime"></div></div><div class="col-md-4"><h4>Antecedent</h4><hr><b>What happened before the behavior?</b><br><div class="radio"><label><input type="radio" value="Given Direction/task, asked to do something">Given Direction/task, asked to do something</label></div><div class="radio"><label><input type="radio" value="Asked to wait">Asked to wait</label></div><div class="radio"><label><input type="radio" value="Difficulty with task/activity">Difficulty with task/activity</label></div><div class="radio"><label><input type="radio" value="Preferred activity interrupted">Preferred activity interrupted</label></div><div class="radio"><label><input type="radio" value="Activity/Item denied (&quot;told no&quot;)">Activity/Item denied ("told no")</label></div><div class="radio"><label><input type="radio" value="Loud, noisy environment">Loud, noisy environment</label></div><div class="radio"><label><input type="radio" value="Given assistance / correction">Given assistance / correction</label></div><div class="radio"><label><input type="radio" value="Transition between locations">Transition between locations</label></div><div class="radio"><label><input type="radio" value="Attention given to others">Attention given to others</label></div><div class="radio"><label><input type="radio" value="Attention not given when wanted">Attention not given when wanted</label></div><div class="radio"><label><input type="radio" value="Left alone (no indiv. attention)">Left alone (no indiv. attention)</label></div><div class="radio"><label><input id="antecedentOtherRadio" type="radio" value="Other"> Other</label></div><input type="text" class="form-control" id="antecedentOther" placeholder="Enter Description" disabled="" value=""><br> <b>Location</b><br><div class="radio-inline"><label><input type="radio" value="Home">Home</label></div><div class="radio-inline"><label><input type="radio" value="School">School</label></div><div class="radio-inline"><label><input type="radio" value="Other">Other</label></div><br> <b>People Present</b><br><div class="checkbox"><label><input id="Mom" name="selectedLabel" type="checkbox" value="Mom"> Mom</label></div><div class="checkbox"><label><input id="Dad" name="selectedLabel" type="checkbox" value="Dad"> Dad</label></div><div class="checkbox"><label><input id="Sibling" name="selectedLabel" type="checkbox" value="Sibling"> Sibling</label></div><div class="checkbox"><label><input id="Grandparents" name="selectedLabel" type="checkbox" value="Grandparents"> Grandparents</label></div><div class="checkbox"><label><input id="Alone" name="selectedLabel" type="checkbox" value="Alone"> Alone</label></div><div class="checkbox"><label><input id="Peers" name="selectedLabel" type="checkbox" value="Peers"> Peers</label></div><div class="checkbox"><label><input id="peopleOtherLabelCheckbox" type="checkbox" name="peopleOtherLabelCheckbox" value="Other"> Other</label></div><input type="text" class="form-control" id="peopleOtherLabelText" placeholder="Enter Another Person Present" disabled="" value=""></div><div class="col-md-3"><h4>Behavior</h4><hr><b>Select all that apply</b><div class="checkbox"><label><input id="Refuse to follow directions" name="selectedLabel" type="checkbox" value="Refuse to follow directions"> Refuse to follow directions</label></div><div class="checkbox"><label><input id="Makes verbal threats" name="selectedLabel" type="checkbox" value="Makes verbal threats"> Makes verbal threats</label></div><div class="checkbox"><label><input id="Grabbing/pulling" name="selectedLabel" type="checkbox" value="Grabbing/pulling"> Grabbing/pulling</label></div><div class="checkbox"><label><input id="Crying/Whining" name="selectedLabel" type="checkbox" value="Crying/Whining"> Crying/Whining</label></div><div class="checkbox"><label><input id="Screaming/Yelling" name="selectedLabel" type="checkbox" value="Screaming/Yelling"> Screaming/Yelling</label></div><div class="checkbox"><label><input id="Scratching" name="selectedLabel" type="checkbox" value="Scratching"> Scratching</label></div><div class="checkbox"><label><input id="Biting" name="selectedLabel" type="checkbox" value="Biting"> Biting</label></div><div class="checkbox"><label><input id="Spitting" name="selectedLabel" type="checkbox" value="Spitting"> Spitting</label></div><div class="checkbox"><label><input id="Kicking" name="selectedLabel" type="checkbox" value="Kicking"> Kicking</label></div><div class="checkbox"><label><input id="Flopping" name="selectedLabel" type="checkbox" value="Flopping"> Flopping</label></div><div class="checkbox"><label><input id="Running Away" name="selectedLabel" type="checkbox" value="Running Away"> Running Away</label></div><div class="checkbox"><label><input id="Destroying property" name="selectedLabel" type="checkbox" value="Destroying property"> Destroying property</label></div><div class="checkbox"><label><input id="Hitting Self" name="selectedLabel" type="checkbox" value="Hitting Self"> Hitting Self</label></div><div class="checkbox"><label><input id="Hitting Others" name="selectedLabel" type="checkbox" value="Hitting Others"> Hitting Others</label></div><div class="checkbox"><label><input id="Verbal Refusal" name="selectedLabel" type="checkbox" value="Verbal Refusal"> Verbal Refusal</label></div><div class="checkbox"><label><input id="behaviorOtherLabelCheckbox" type="checkbox" name="behaviorOtherLabelCheckbox" value="Other"> Other</label></div><input type="text" class="form-control" id="behaviorOtherLabelText" placeholder="Enter Behavior Description" disabled="" value=""><br> <b>Duration</b><br><div class="radio-inline"><label><input type="radio" value="< 1 min">&lt; 1 min</label></div><div class="radio-inline"><label><input type="radio" value="1 - 5 min">1 - 5 min</label></div><div class="radio-inline"><label><input type="radio" value="5 - 10 min">5 - 10 min</label></div><div class="radio-inline"><label><input type="radio" value="10 - 30 min">10 - 30 min</label></div><div class="radio-inline"><label><input type="radio" value="30 min - 1 hr">30 min - 1 hr</label></div><div class="radio-inline"><label><input type="radio" value="1 - 2 hrs">1 - 2 hrs</label></div><div class="radio-inline"><label><input type="radio" value="2 - 3 hrs">2 - 3 hrs</label></div><div class="radio-inline"><label><input type="radio" value="3+ hrs">3+ hrs</label></div><br> <b>Intensity</b><br><div class="radio-inline"><label><input type="radio" value="Low">Low</label></div><div class="radio-inline"><label><input type="radio" value="Medium">Medium</label></div><div class="radio-inline"><label><input type="radio" value="High">High</label></div></div><div class="col-md-4"><h4>Consequence</h4><hr><b>What happened after?</b><br><div class="checkbox"><label><input id="Verbal Redirection" name="selectedLabel" type="checkbox" value="Verbal Redirection"> Verbal Redirection</label></div><div class="checkbox"><label><input id="Physical assist/prompt" name="selectedLabel" type="checkbox" value="Physical assist/prompt"> Physical assist/prompt</label></div><div class="checkbox"><label><input id="Ignored problem behavior" name="selectedLabel" type="checkbox" value="Ignored problem behavior"> Ignored problem behavior</label></div><div class="checkbox"><label><input id="Kept on demand" name="selectedLabel" type="checkbox" value="Kept on demand"> Kept on demand</label></div><div class="checkbox"><label><input id="Verbal reprimand" name="selectedLabel" type="checkbox" value="Verbal reprimand"> Verbal reprimand</label></div><div class="checkbox"><label><input id="Removed from activity" name="selectedLabel" type="checkbox" value="Removed from activity"> Removed from activity</label></div><div class="checkbox"><label><input id="Given a different activity/task" name="selectedLabel" type="checkbox" value="Given a different activity/task"> Given a different activity/task</label></div><div class="checkbox"><label><input id="Lost Privilege" name="selectedLabel" type="checkbox" value="Lost Privilege"> Lost Privilege</label></div><div class="checkbox"><label><input id="Sent to room" name="selectedLabel" type="checkbox" value="Sent to room"> Sent to room</label></div><div class="checkbox"><label><input id="Given a time out" name="selectedLabel" type="checkbox" value="Given a time out"> Given a time out</label></div><div class="checkbox"><label><input id="Left alone" name="selectedLabel" type="checkbox" value="Left alone"> Left alone</label></div><div class="checkbox"><label><input id="consequenceOtherLabelCheckbox" type="checkbox" name="consequenceOtherLabelCheckbox" value="Other"> Other</label></div><input type="text" class="form-control" id="consequenceOtherLabelText" placeholder="Enter Consequence Description" disabled="" value=""></div></div><br><div class="form-inline"><div class="form-group"><input class="btn btn-success form-control" type="submit" id="save" value="Save"></div><div class="form-group"><input class="btn btn-danger form-control" type="reset" id="reset" value="Reset"></div></div></div></div></div>"`;
