// Vitest Snapshot v1, https://vitest.dev/guide/snapshot.html

exports[`Applications component 1`] = `"<div><div><h2 class=\\"text-primary\\">Apps</h2><div class=\\"row\\"><div class=\\"col-sm-6\\"><h2 class=\\"text-success\\">Discount Calculator</h2><p>I originally wrote this as a Sencha Touch app. However, I lost the code and I can't seem to recover it from the 'compiled' code that Sencha helps you to put together. Anyway, I wrote it for Courtney in 2013 because she was working at an outlet store that offered this style of discounts.</p><p><a class=\\"btn btn-info\\" role=\\"button\\" href=\\"/discountCalculator\\">View details »</a></p><hr><h2 class=\\"text-success\\">Game</h2><p>Rock, Paper, Scissors, Lizard, Spock. Play against the computer!</p><p><a class=\\"btn btn-info\\" role=\\"button\\" href=\\"/game\\">View details »</a></p><hr><h2 class=\\"text-success\\">ABC Checklist</h2><p>Fill out an Antecedent, Behavior, Consequence Checklist</p><p><a class=\\"btn btn-info\\" role=\\"button\\" href=\\"/abc\\">View details »</a></p><hr></div><div class=\\"col-sm-6\\"><h2 class=\\"text-success\\">Stock Quote</h2><p>Stock Quote Service</p><p><a class=\\"btn btn-info\\" role=\\"button\\" href=\\"/stockQuote\\">View details »</a></p><hr><h2 class=\\"text-success\\">Base 64 Encoder and Decoder</h2><p>Encode and Decode data into and out of Base64 format, respectively.</p><p><a class=\\"btn btn-info\\" role=\\"button\\" href=\\"/base64\\">View details »</a></p><hr><h2 class=\\"text-success\\">Simple Grade book</h2><p>Figure out the final grade based on two quizes, one midterm and a final exam</p><p><a class=\\"btn btn-info\\" role=\\"button\\" href=\\"/grades\\">View details »</a></p><hr><h2 class=\\"text-success\\">URL Builder</h2><p>Build a URL and launch it</p><p><a class=\\"btn btn-info\\" role=\\"button\\" href=\\"/urlBuilder\\">View details »</a></p><hr></div></div></div></div>"`;
