// Vitest Snapshot v1, https://vitest.dev/guide/snapshot.html

exports[`Base64 > Will produce a snapshot of the Base64 component 1`] = `"<div><div><h4 class=\\"text-success\\">An all Bootstrap and React implementation of converting your data to and from Base64 encoding. No tracking of your data is done. No calls to other services. It's all in your browser.</h4><div><div title=\\"Encode\\" id=\\"encodeTab\\"><form class=\\"form-horizontal\\" role=\\"form\\"><h2>Encode Data to Base64</h2><div class=\\"form-group\\"><label for=\\"encodeInput\\" class=\\"col-sm-2 control-label\\">Un-encoded</label><div class=\\"col-sm-10\\"><textarea class=\\"form-control\\" id=\\"encodeInput\\" required=\\"\\"></textarea></div></div><div class=\\"form-group\\"><label for=\\"encodeOutput\\" class=\\"col-sm-2 control-label\\">Encoded</label><div class=\\"col-sm-10\\"><textarea class=\\"form-control\\" id=\\"encodeOutput\\" readonly=\\"\\"></textarea></div></div><div class=\\"form-group \\"><div class=\\"col-sm-offset-2 col-sm-10\\"><button id=\\"encode\\" class=\\"btn btn-primary btn-sm\\" type=\\"button\\">Encode</button><button class=\\"btn btn-danger btn-sm\\" type=\\"button\\">Clear</button></div></div></form></div><div title=\\"Decode\\" id=\\"decodeTab\\"><form class=\\"form-horizontal\\" role=\\"form\\"><h2>Decode Base 64 to Data</h2><div class=\\"form-group\\"><label for=\\"decodeInput\\" class=\\"col-sm-2 control-label\\">Encoded</label><div class=\\"col-sm-10\\"><textarea class=\\"form-control\\" id=\\"decodeInput\\" required=\\"\\"></textarea></div></div><div class=\\"form-group\\"><label for=\\"decodeOutput\\" class=\\"col-sm-2 control-label\\">Un-encoded</label><div class=\\"col-sm-10\\"><textarea class=\\"form-control\\" id=\\"decodeOutput\\" readonly=\\"\\"></textarea></div></div><div class=\\"form-group \\"><div class=\\"col-sm-offset-2 col-sm-10\\"><button id=\\"decode\\" class=\\"btn btn-primary btn-sm\\" type=\\"button\\">Decode</button><button class=\\"btn btn-danger btn-sm\\" type=\\"button\\">Clear</button></div></div></form></div></div></div></div>"`;
