// Vitest Snapshot v1, https://vitest.dev/guide/snapshot.html

exports[`Contact component 1`] = `"<div><div><h2 class="text-primary">Contact Information</h2><div class="row"><div class="col-sm-4"><table class="table table-striped"><tbody><tr><td>Email</td><td><a href="mailto:daniel.m.halverson@gmail.com">daniel.m.halverson@gmail.com</a></td></tr><tr><td>Twitter</td><td><a href="https://twitter.com/halversondm" class="twitter-follow-button" data-show-count="true">Follow @halversondm</a></td></tr><tr><td>Linkedin</td><td><div class="badge-base LI-profile-badge" data-locale="en_US" data-size="medium" data-theme="light" data-type="VERTICAL" data-vanity="dmhalverson" data-version="v1"><a class="badge-base__link LI-simple-link" href="https://www.linkedin.com/in/dmhalverson?trk=profile-badge">Daniel Halverson</a></div></td></tr></tbody></table></div></div><hr><h4 class="text-success">Send me an email</h4><form class="form"><input type="text" class="form-control" id="subject" placeholder="Subject"><br><textarea id="message" class="form-control" rows="3" placeholder="Message"></textarea><br><a class="btn btn-success" href="mailto:daniel.m.halverson@gmail.com?subject=&amp;body=">Send</a></form></div></div>"`;
