// Vitest Snapshot v1, https://vitest.dev/guide/snapshot.html

exports[`Corvette component 1`] = `"<div><div><h2 class="text-primary">2001 Chevrolet Corvette Coupe</h2><p>New to me in 2019. Purchased with 59,000 miles on the clock, Corsa Sport axle back exhaust, BBK cold air intake, short throw shifter and black logoed interior mats.</p><div id="photoGallery"><ul class="row photo-gallery"><li class="col-md-2 col-lg-2 col-sm-3 col-xs-4"><img data-i="0" class="img-fluid" src="images/corvettePhotos/photo1.jpg"></li><li class="col-md-2 col-lg-2 col-sm-3 col-xs-4"><img data-i="1" class="img-fluid" src="images/corvettePhotos/photo2.jpg"></li><li class="col-md-2 col-lg-2 col-sm-3 col-xs-4"><img data-i="2" class="img-fluid" src="images/corvettePhotos/photo3.jpg"></li><li class="col-md-2 col-lg-2 col-sm-3 col-xs-4"><img data-i="3" class="img-fluid" src="images/corvettePhotos/photo4.jpg"></li><li class="col-md-2 col-lg-2 col-sm-3 col-xs-4"><img data-i="4" class="img-fluid" src="images/corvettePhotos/photo5.jpg"></li><li class="col-md-2 col-lg-2 col-sm-3 col-xs-4"><img data-i="5" class="img-fluid" src="images/corvettePhotos/photo6.jpg"></li><li class="col-md-2 col-lg-2 col-sm-3 col-xs-4"><img data-i="6" class="img-fluid" src="images/corvettePhotos/photo7.jpg"></li><li class="col-md-2 col-lg-2 col-sm-3 col-xs-4"><img data-i="7" class="img-fluid" src="images/corvettePhotos/photo8.jpg"></li><li class="col-md-2 col-lg-2 col-sm-3 col-xs-4"><img data-i="8" class="img-fluid" src="images/corvettePhotos/photo9.jpg"></li></ul><div class="row"><div><button type="button" data-id="1" class="btn btn-primary">Page 1</button></div></div></div></div></div>"`;
