// Vitest Snapshot v1, https://vitest.dev/guide/snapshot.html

exports[`Discount Calculator > Will render the component for a snapshot 1`] = `"<div><div><h2 class="text-primary">Discount Calculator</h2><p>Calculate your final price where the retailer is offering separate discounts.</p><fieldset><form class="form-horizontal" role="form"><div class="form-group"><label for="labelPrice" class="col-sm-2 control-label">Label Price</label><div class="col-sm-10"><div class="input-group"><span class="input-group-addon">$</span><input class="form-control" id="labelPrice" type="number" value=""></div></div></div><div class="form-group"><label for="discount1" class="col-sm-2 control-label">Discount #1</label><div class="col-sm-10"><div class="input-group"><input class="form-control" id="discount1" type="number" value=""> <span class="input-group-addon">%</span></div></div></div><div class="form-group"><label for="discount2" class="col-sm-2 control-label">Discount #2</label><div class="col-sm-10"><div class="input-group"><input class="form-control" id="discount2" type="number" value=""> <span class="input-group-addon">%</span></div></div></div><div class="form-group"><div class="col-sm-offset-2 col-sm-10"><button type="button" id="calculate" class="btn btn-primary">Calculate</button><button type="button" id="reset" class="btn btn-danger">Reset</button></div></div><div class="alert alert-danger alert-dismissible" role="alert" id="errorMessages" hidden=""><button type="button" class="close" data-dismiss="alert"><span aria-hidden="true">×</span></button><strong>Error! </strong><ul></ul></div><div class="alert alert-success alert-dismissible" role="alert" id="successMessage" hidden=""><button type="button" class="close" data-dismiss="alert"><span aria-hidden="true">×</span></button></div></form></fieldset></div></div>"`;
