// Vitest Snapshot v1, https://vitest.dev/guide/snapshot.html

exports[`Game Test > Should have a matching snapshot 1`] = `"<div><div><h2 class=\\"text-primary\\">Rock, Paper, Scissors, Lizard, Spock</h2><p>Play the popular game with your computer! In this version, you'll be playing with Lizard and Spock too.</p><div class=\\"row\\"><div class=\\"col-xs-12 col-sm-6 col-md-8 btn-group img-responsive\\" role=\\"group\\" id=\\"human\\"><p>Your Pick</p><button id=\\"rock\\" data-choice=\\"rock\\" type=\\"button\\" class=\\"btn btn-default\\"><img src=\\"../images/rock.jpg\\"></button><button id=\\"paper\\" data-choice=\\"paper\\" type=\\"button\\" class=\\"btn btn-default\\"><img src=\\"../images/paper.jpg\\"></button><button id=\\"scissors\\" data-choice=\\"scissors\\" type=\\"button\\" class=\\"btn btn-default\\"><img src=\\"../images/scissors.jpg\\"></button><button id=\\"lizard\\" data-choice=\\"lizard\\" type=\\"button\\" class=\\"btn btn-default\\"><img src=\\"../images/lizard.jpg\\"></button><button id=\\"spock\\" data-choice=\\"spock\\" type=\\"button\\" class=\\"btn btn-default\\"><img src=\\"../images/spock.jpg\\"></button></div><div class=\\"col-xs-6 col-md-4\\"><p>Who wins?</p><div id=\\"alert_placeholder\\"><div class=\\"alert alert-success\\" role=\\"alert\\" hidden=\\"\\"><b></b><br></div><div class=\\"alert alert-warning\\" role=\\"alert\\" hidden=\\"\\"><b></b><br></div><div class=\\"alert alert-danger\\" role=\\"alert\\" hidden=\\"\\"><b></b><br></div></div></div><div class=\\"col-xs-12 col-sm-6 col-md-8 btn-group img-responsive\\" role=\\"group\\" id=\\"computer\\"><p>Computers Pick</p><button id=\\"Rock2\\" type=\\"button\\" class=\\"btn btn-default\\" disabled=\\"\\"><img src=\\"../images/rock.jpg\\"></button><button id=\\"Paper2\\" type=\\"button\\" class=\\"btn btn-default\\" disabled=\\"\\"><img src=\\"../images/paper.jpg\\"></button><button id=\\"Scissors2\\" type=\\"button\\" class=\\"btn btn-default\\" disabled=\\"\\"><img src=\\"../images/scissors.jpg\\"></button><button id=\\"Lizard2\\" type=\\"button\\" class=\\"btn btn-default\\" disabled=\\"\\"><img src=\\"../images/lizard.jpg\\"></button><button id=\\"Spock2\\" type=\\"button\\" class=\\"btn btn-default\\" disabled=\\"\\"><img src=\\"../images/spock.jpg\\"></button></div></div></div></div>"`;

exports[`Game component 1`] = `"<div><div><h2 class=\\"text-primary\\">Rock, Paper, Scissors, Lizard, Spock</h2><p>Play the popular game with your computer! In this version, you'll be playing with Lizard and Spock too.</p><div class=\\"row\\"><div class=\\"col-xs-12 col-sm-6 col-md-8 btn-group img-responsive\\" role=\\"group\\" id=\\"human\\"><p>Your Pick</p><button id=\\"rock\\" data-choice=\\"rock\\" type=\\"button\\" class=\\"btn btn-default\\"><img src=\\"../images/rock.jpg\\"></button><button id=\\"paper\\" data-choice=\\"paper\\" type=\\"button\\" class=\\"btn btn-default\\"><img src=\\"../images/paper.jpg\\"></button><button id=\\"scissors\\" data-choice=\\"scissors\\" type=\\"button\\" class=\\"btn btn-default\\"><img src=\\"../images/scissors.jpg\\"></button><button id=\\"lizard\\" data-choice=\\"lizard\\" type=\\"button\\" class=\\"btn btn-default\\"><img src=\\"../images/lizard.jpg\\"></button><button id=\\"spock\\" data-choice=\\"spock\\" type=\\"button\\" class=\\"btn btn-default\\"><img src=\\"../images/spock.jpg\\"></button></div><div class=\\"col-xs-6 col-md-4\\"><p>Who wins?</p><div id=\\"alert_placeholder\\"><div class=\\"alert alert-success\\" role=\\"alert\\" hidden=\\"\\"><b></b><br></div><div class=\\"alert alert-warning\\" role=\\"alert\\" hidden=\\"\\"><b></b><br></div><div class=\\"alert alert-danger\\" role=\\"alert\\" hidden=\\"\\"><b></b><br></div></div></div><div class=\\"col-xs-12 col-sm-6 col-md-8 btn-group img-responsive\\" role=\\"group\\" id=\\"computer\\"><p>Computers Pick</p><button id=\\"Rock2\\" type=\\"button\\" class=\\"btn btn-default\\" disabled=\\"\\"><img src=\\"../images/rock.jpg\\"></button><button id=\\"Paper2\\" type=\\"button\\" class=\\"btn btn-default\\" disabled=\\"\\"><img src=\\"../images/paper.jpg\\"></button><button id=\\"Scissors2\\" type=\\"button\\" class=\\"btn btn-default\\" disabled=\\"\\"><img src=\\"../images/scissors.jpg\\"></button><button id=\\"Lizard2\\" type=\\"button\\" class=\\"btn btn-default\\" disabled=\\"\\"><img src=\\"../images/lizard.jpg\\"></button><button id=\\"Spock2\\" type=\\"button\\" class=\\"btn btn-default\\" disabled=\\"\\"><img src=\\"../images/spock.jpg\\"></button></div></div></div></div>"`;
