// Vitest Snapshot v1, https://vitest.dev/guide/snapshot.html

exports[`Grades > Will render the Grades component 1`] = `"<div><div><h2 class=\\"text-primary\\">Grade Book</h2><p>Quizzes are on a 10 point basis. Exams are on a 100 point basis. Quizzes and the Midterm count for 25% of the final grade. The final exam counts for 50% of the final grade.</p><table class=\\"table table-bordered\\"><thead><tr><th>Student #</th><th>Quiz 1 Grade</th><th>Quiz 2 Grade</th><th>Midterm Exam Grade</th><th>Final Exam Grade</th><th>Class Average</th><th>Letter Grade</th><th>Remove Student</th></tr></thead><tbody></tbody></table><hr><h4>Add a new student</h4><form class=\\"form-horizontal\\"><div class=\\"form-group\\"><label for=\\"studentNumber\\" class=\\"col-sm-2 control-label\\">Student Number</label><div class=\\"col-sm-2\\"><input id=\\"studentNumber\\" type=\\"number\\" class=\\"form-control\\" value=\\"0\\"></div></div><div class=\\"form-group\\"><label for=\\"quiz1\\" class=\\"col-sm-2 control-label\\">Quiz 1 Grade</label><div class=\\"col-sm-2\\"><input id=\\"quiz1\\" type=\\"number\\" class=\\"form-control\\" value=\\"0\\"></div></div><div class=\\"form-group\\"><label for=\\"quiz2\\" class=\\"col-sm-2 control-label\\">Quiz 2 Grade</label><div class=\\"col-sm-2\\"><input id=\\"quiz2\\" type=\\"number\\" class=\\"form-control\\" value=\\"0\\"></div></div><div class=\\"form-group\\"><label for=\\"midterm\\" class=\\"col-sm-2 control-label\\">Midterm Exam Grade</label><div class=\\"col-sm-2\\"><input id=\\"midterm\\" type=\\"number\\" class=\\"form-control\\" value=\\"0\\"></div></div><div class=\\"form-group\\"><label for=\\"final\\" class=\\"col-sm-2 control-label\\">Final Exam Grade</label><div class=\\"col-sm-2\\"><input id=\\"final\\" type=\\"number\\" class=\\"form-control\\" value=\\"0\\"></div></div><button type=\\"button\\" class=\\"btn btn-primary btn-sm\\" id=\\"addStudent\\"> + Add Student</button></form></div></div>"`;
