// Vitest Snapshot v1, https://vitest.dev/guide/snapshot.html

exports[`UrlBuilder component 1`] = `"<div><div><h2 class="text-primary">URL Builder</h2><h3>Build a URL with query parameters and launch it!</h3><table class="table table-bordered"><thead><tr><th>Key</th><th>Value</th></tr></thead><tbody></tbody></table><hr><fieldset><legend>Add a new query parameter</legend><form class="form-horizontal"><div class="form-group"><label for="queryKey" class="col-sm-2 control-label">Key</label><div class="col-sm-10"><input id="queryKey" type="text" class="form-control" value=""></div></div><div class="form-group"><label for="queryValue" class="col-sm-2 control-label">Value</label><div class="col-sm-10"><input id="queryValue" type="text" class="form-control" value=""></div></div><div class="form-group"><div class="col-sm-offset-10 col-sm-2"><button type="button" id="addQuery" class="btn btn-primary"> + Add Query Parameter</button></div></div></form></fieldset><fieldset><legend>Assemble the URL and Launch it</legend><form class="form-horizontal"><div class="form-group"><label for="baseUrl" class="col-sm-2 control-label">Base URL</label><div class="col-sm-10"><input id="baseUrl" type="text" class="form-control" value=""></div></div><div class="form-group"><div class="col-sm-offset-10 col-sm-2"><button type="button" id="assemble" class="btn btn-primary">Assemble URL</button></div></div><div class="form-group"><label for="assembledUrl" class="col-sm-2 control-label">Assembled URL</label><div class="col-sm-10"><textarea id="assembledUrl" rows="4" readonly="" class="form-control"></textarea></div></div><div class="form-group"><div class="col-sm-offset-10 col-sm-2"><button type="button" id="launch" class="btn btn-danger">Launch</button></div></div></form></fieldset></div></div>"`;
