// Vitest Snapshot v1, https://vitest.dev/guide/snapshot.html

exports[`Yamaha component 1`] = `"<div><div><h2 class=\\"text-primary\\">2004 Yamaha VStar 1100 Classic</h2><p>In July 2004, I bought this Yamaha from Reno\\"s Yamaha in Kansas City, Missouri. I upgraded the exhaust to Hard Krome, added a Corbin based Yamaha option seat, and added some chrome goodies from Yamaha.</p><div id=\\"photoGallery\\"><ul class=\\"row photo-gallery\\"><li class=\\"col-md-2 col-lg-2 col-sm-3 col-xs-4\\"><img data-i=\\"0\\" class=\\"img-fluid\\" src=\\"images/yamahaPhotos/photo1.jpg\\"></li><li class=\\"col-md-2 col-lg-2 col-sm-3 col-xs-4\\"><img data-i=\\"1\\" class=\\"img-fluid\\" src=\\"images/yamahaPhotos/photo2.jpg\\"></li><li class=\\"col-md-2 col-lg-2 col-sm-3 col-xs-4\\"><img data-i=\\"2\\" class=\\"img-fluid\\" src=\\"images/yamahaPhotos/photo3.jpg\\"></li><li class=\\"col-md-2 col-lg-2 col-sm-3 col-xs-4\\"><img data-i=\\"3\\" class=\\"img-fluid\\" src=\\"images/yamahaPhotos/photo4.jpg\\"></li></ul><div class=\\"row\\"><div><button type=\\"button\\" data-id=\\"1\\" class=\\"btn btn-primary\\">Page 1</button></div></div></div></div></div>"`;
